[A] model=BAAI/bge-base-en-v1.5 device=cpu total=500 done=0 pending=500
Warning: You are sending unauthenticated requests to the HF Hub. Please set a HF_TOKEN to enable higher rate limits and faster downloads.

Loading weights:   0%|          | 0/199 [00:00<?, ?it/s]
Loading weights: 100%|██████████| 199/199 [00:00<00:00, 7196.27it/s]

condition A:   0%|          | 0/500 [00:00<?, ?user/s]
condition A:   0%|          | 1/500 [00:11<1:38:42, 11.87s/user]
condition A:   0%|          | 2/500 [00:21<1:28:51, 10.71s/user]
condition A:   1%|          | 3/500 [00:29<1:18:37,  9.49s/user]
condition A:   1%|          | 4/500 [00:44<1:34:24, 11.42s/user]
condition A:   1%|          | 5/500 [00:51<1:22:34, 10.01s/user]
condition A:   1%|          | 6/500 [01:02<1:25:14, 10.35s/user]
condition A:   1%|▏         | 7/500 [01:23<1:52:25, 13.68s/user]
condition A:   2%|▏         | 8/500 [01:47<2:18:44, 16.92s/user]
condition A:   2%|▏         | 9/500 [02:01<2:13:05, 16.26s/user]
condition A:   2%|▏         | 10/500 [02:24<2:29:18, 18.28s/user]
condition A:   2%|▏         | 11/500 [02:32<2:03:12, 15.12s/user]
condition A:   2%|▏         | 12/500 [02:49<2:08:13, 15.76s/user]
condition A:   3%|▎         | 13/500 [03:08<2:15:44, 16.72s/user]
condition A:   3%|▎         | 14/500 [03:32<2:31:16, 18.68s/user]
condition A:   3%|▎         | 15/500 [03:44<2:15:32, 16.77s/user]
condition A:   3%|▎         | 16/500 [03:55<2:02:00, 15.13s/user]
condition A:   3%|▎         | 17/500 [04:07<1:53:49, 14.14s/user]
condition A:   4%|▎         | 18/500 [04:23<1:58:47, 14.79s/user]
condition A:   4%|▍         | 19/500 [04:36<1:53:28, 14.15s/user]
condition A:   4%|▍         | 20/500 [04:46<1:42:05, 12.76s/user]
condition A:   4%|▍         | 21/500 [05:05<1:58:09, 14.80s/user]
condition A:   4%|▍         | 22/500 [05:33<2:29:29, 18.77s/user]
condition A:   5%|▍         | 23/500 [06:01<2:50:23, 21.43s/user]
condition A:   5%|▍         | 24/500 [06:12<2:24:40, 18.24s/user]
condition A:   5%|▌         | 25/500 [06:27<2:18:11, 17.45s/user]
condition A:   5%|▌         | 26/500 [06:34<1:51:58, 14.17s/user]
condition A:   5%|▌         | 27/500 [06:49<1:54:55, 14.58s/user]
condition A:   6%|▌         | 28/500 [07:22<2:37:27, 20.02s/user]
condition A:   6%|▌         | 29/500 [07:36<2:22:28, 18.15s/user]
condition A:   6%|▌         | 30/500 [07:47<2:06:13, 16.11s/user]
condition A:   6%|▌         | 31/500 [08:06<2:13:33, 17.09s/user]
condition A:   6%|▋         | 32/500 [08:36<2:41:49, 20.75s/user]
condition A:   7%|▋         | 33/500 [09:10<3:13:45, 24.89s/user]
condition A:   7%|▋         | 34/500 [10:01<4:12:44, 32.54s/user]
condition A:   7%|▋         | 35/500 [10:15<3:28:48, 26.94s/user]
condition A:   7%|▋         | 36/500 [10:34<3:11:46, 24.80s/user]
condition A:   7%|▋         | 37/500 [10:45<2:38:50, 20.58s/user]
condition A:   8%|▊         | 38/500 [11:02<2:31:09, 19.63s/user]
condition A:   8%|▊         | 39/500 [11:23<2:32:11, 19.81s/user]
condition A:   8%|▊         | 40/500 [11:32<2:07:57, 16.69s/user]
condition A:   8%|▊         | 41/500 [11:50<2:10:53, 17.11s/user]
condition A:   8%|▊         | 42/500 [12:03<2:01:10, 15.87s/user]
condition A:   9%|▊         | 43/500 [12:27<2:18:28, 18.18s/user]
condition A:   9%|▉         | 44/500 [12:41<2:09:31, 17.04s/user]
condition A:   9%|▉         | 45/500 [13:03<2:20:22, 18.51s/user]
condition A:   9%|▉         | 46/500 [13:15<2:04:07, 16.40s/user]
condition A:   9%|▉         | 47/500 [13:39<2:20:57, 18.67s/user]
condition A:  10%|▉         | 48/500 [13:55<2:16:43, 18.15s/user]
condition A:  10%|▉         | 49/500 [14:20<2:31:27, 20.15s/user]
condition A:  10%|█         | 50/500 [14:31<2:09:56, 17.33s/user]
condition A:  10%|█         | 51/500 [14:44<2:00:57, 16.16s/user]
condition A:  10%|█         | 52/500 [14:58<1:54:29, 15.33s/user]
condition A:  11%|█         | 53/500 [15:18<2:05:59, 16.91s/user]
condition A:  11%|█         | 54/500 [15:28<1:48:07, 14.55s/user]
condition A:  11%|█         | 55/500 [15:54<2:14:37, 18.15s/user]
condition A:  11%|█         | 56/500 [16:26<2:44:19, 22.21s/user]
condition A:  11%|█▏        | 57/500 [16:46<2:40:45, 21.77s/user]
condition A:  12%|█▏        | 58/500 [17:23<3:12:25, 26.12s/user]
condition A:  12%|█▏        | 59/500 [17:39<2:50:25, 23.19s/user]
condition A:  12%|█▏        | 60/500 [18:05<2:56:55, 24.13s/user]
condition A:  12%|█▏        | 61/500 [18:28<2:52:08, 23.53s/user]
condition A:  12%|█▏        | 62/500 [18:41<2:29:10, 20.43s/user]
condition A:  13%|█▎        | 63/500 [19:07<2:40:28, 22.03s/user]
condition A:  13%|█▎        | 64/500 [19:28<2:38:16, 21.78s/user]
condition A:  13%|█▎        | 65/500 [19:51<2:40:06, 22.08s/user]
condition A:  13%|█▎        | 66/500 [20:01<2:14:12, 18.55s/user]
condition A:  13%|█▎        | 67/500 [20:17<2:09:25, 17.94s/user]
condition A:  14%|█▎        | 68/500 [20:40<2:19:59, 19.44s/user]
condition A:  14%|█▍        | 69/500 [20:51<2:00:13, 16.74s/user]
condition A:  14%|█▍        | 70/500 [21:26<2:39:53, 22.31s/user]
condition A:  14%|█▍        | 71/500 [21:48<2:39:27, 22.30s/user]
condition A:  14%|█▍        | 72/500 [22:05<2:27:30, 20.68s/user]
condition A:  15%|█▍        | 73/500 [22:19<2:13:30, 18.76s/user]
condition A:  15%|█▍        | 74/500 [22:35<2:05:39, 17.70s/user]
condition A:  15%|█▌        | 75/500 [23:07<2:35:57, 22.02s/user]
condition A:  15%|█▌        | 76/500 [23:36<2:50:04, 24.07s/user]
condition A:  15%|█▌        | 77/500 [23:51<2:30:47, 21.39s/user]
condition A:  16%|█▌        | 78/500 [24:11<2:28:46, 21.15s/user]
condition A:  16%|█▌        | 79/500 [24:31<2:25:27, 20.73s/user]
condition A:  16%|█▌        | 80/500 [24:51<2:22:37, 20.37s/user]
condition A:  16%|█▌        | 81/500 [25:24<2:50:19, 24.39s/user]
condition A:  16%|█▋        | 82/500 [25:49<2:51:10, 24.57s/user]
condition A:  17%|█▋        | 83/500 [26:18<2:59:10, 25.78s/user]
condition A:  17%|█▋        | 84/500 [26:38<2:45:57, 23.94s/user]
condition A:  17%|█▋        | 85/500 [26:58<2:38:04, 22.85s/user]
condition A:  17%|█▋        | 86/500 [27:15<2:24:44, 20.98s/user]
condition A:  17%|█▋        | 87/500 [27:47<2:48:11, 24.43s/user]
condition A:  18%|█▊        | 88/500 [27:58<2:20:19, 20.44s/user]
condition A:  18%|█▊        | 89/500 [28:16<2:13:40, 19.52s/user]
condition A:  18%|█▊        | 90/500 [28:38<2:18:56, 20.33s/user]
condition A:  18%|█▊        | 91/500 [29:00<2:23:09, 21.00s/user]
condition A:  18%|█▊        | 92/500 [29:17<2:13:51, 19.69s/user]
condition A:  19%|█▊        | 93/500 [29:28<1:55:52, 17.08s/user]
condition A:  19%|█▉        | 94/500 [29:45<1:56:03, 17.15s/user]
condition A:  19%|█▉        | 95/500 [29:56<1:41:45, 15.08s/user]
condition A:  19%|█▉        | 96/500 [30:18<1:56:21, 17.28s/user]
condition A:  19%|█▉        | 97/500 [30:43<2:11:11, 19.53s/user]
condition A:  20%|█▉        | 98/500 [31:15<2:35:29, 23.21s/user]
condition A:  20%|█▉        | 99/500 [31:26<2:12:15, 19.79s/user]
condition A:  20%|██        | 100/500 [31:34<1:47:05, 16.06s/user]
condition A:  20%|██        | 101/500 [32:00<2:06:59, 19.10s/user]
condition A:  20%|██        | 102/500 [32:21<2:11:30, 19.82s/user]
condition A:  21%|██        | 103/500 [32:34<1:55:52, 17.51s/user]
condition A:  21%|██        | 104/500 [32:54<2:00:46, 18.30s/user]
condition A:  21%|██        | 105/500 [33:22<2:19:33, 21.20s/user]
condition A:  21%|██        | 106/500 [33:37<2:08:29, 19.57s/user]
condition A:  21%|██▏       | 107/500 [33:59<2:12:23, 20.21s/user]
condition A:  22%|██▏       | 108/500 [34:38<2:47:56, 25.70s/user]
condition A:  22%|██▏       | 109/500 [34:46<2:13:53, 20.55s/user]
condition A:  22%|██▏       | 110/500 [35:00<2:01:09, 18.64s/user]
condition A:  22%|██▏       | 111/500 [35:13<1:48:50, 16.79s/user]
condition A:  22%|██▏       | 112/500 [35:46<2:21:07, 21.82s/user]
condition A:  23%|██▎       | 113/500 [36:09<2:22:42, 22.12s/user]
condition A:  23%|██▎       | 114/500 [36:34<2:27:48, 22.98s/user]
condition A:  23%|██▎       | 115/500 [36:57<2:27:50, 23.04s/user]
condition A:  23%|██▎       | 116/500 [37:03<1:53:37, 17.75s/user]
condition A:  23%|██▎       | 117/500 [37:22<1:55:26, 18.08s/user]
condition A:  24%|██▎       | 118/500 [37:47<2:08:27, 20.18s/user]
condition A:  24%|██▍       | 119/500 [37:57<1:50:12, 17.36s/user]
condition A:  24%|██▍       | 120/500 [38:42<2:41:27, 25.49s/user]
condition A:  24%|██▍       | 121/500 [38:59<2:25:16, 23.00s/user]
condition A:  24%|██▍       | 122/500 [39:17<2:14:45, 21.39s/user]
condition A:  25%|██▍       | 123/500 [39:36<2:10:26, 20.76s/user]
condition A:  25%|██▍       | 124/500 [39:47<1:52:36, 17.97s/user]
condition A:  25%|██▌       | 125/500 [40:18<2:15:59, 21.76s/user]
condition A:  25%|██▌       | 126/500 [41:01<2:54:59, 28.07s/user]
condition A:  25%|██▌       | 127/500 [41:20<2:37:11, 25.29s/user]
condition A:  26%|██▌       | 128/500 [41:27<2:02:56, 19.83s/user]
condition A:  26%|██▌       | 129/500 [41:51<2:11:03, 21.20s/user]
condition A:  26%|██▌       | 130/500 [42:27<2:38:23, 25.68s/user]
condition A:  26%|██▌       | 131/500 [43:03<2:55:40, 28.57s/user]
condition A:  26%|██▋       | 132/500 [43:22<2:38:00, 25.76s/user]
condition A:  27%|██▋       | 133/500 [43:52<2:45:30, 27.06s/user]
condition A:  27%|██▋       | 134/500 [44:24<2:54:11, 28.56s/user]
condition A:  27%|██▋       | 135/500 [45:05<3:17:05, 32.40s/user]
condition A:  27%|██▋       | 136/500 [45:28<2:59:18, 29.56s/user]
condition A:  27%|██▋       | 137/500 [45:43<2:32:49, 25.26s/user]
condition A:  28%|██▊       | 138/500 [46:07<2:28:43, 24.65s/user]
condition A:  28%|██▊       | 139/500 [46:22<2:11:44, 21.90s/user]
condition A:  28%|██▊       | 140/500 [46:46<2:14:07, 22.36s/user]
condition A:  28%|██▊       | 141/500 [47:09<2:14:49, 22.53s/user]
condition A:  28%|██▊       | 142/500 [47:31<2:14:36, 22.56s/user]
condition A:  29%|██▊       | 143/500 [47:57<2:20:39, 23.64s/user]
condition A:  29%|██▉       | 144/500 [48:29<2:33:41, 25.90s/user]
condition A:  29%|██▉       | 145/500 [48:48<2:21:49, 23.97s/user]
condition A:  29%|██▉       | 146/500 [49:10<2:17:51, 23.37s/user]
condition A:  29%|██▉       | 147/500 [49:33<2:16:48, 23.25s/user]
condition A:  30%|██▉       | 148/500 [49:59<2:21:40, 24.15s/user]
condition A:  30%|██▉       | 149/500 [50:33<2:39:07, 27.20s/user]
condition A:  30%|███       | 150/500 [51:03<2:43:26, 28.02s/user]
condition A:  30%|███       | 151/500 [51:32<2:44:04, 28.21s/user]
condition A:  30%|███       | 152/500 [52:08<2:56:34, 30.44s/user]
condition A:  31%|███       | 153/500 [52:34<2:47:57, 29.04s/user]
condition A:  31%|███       | 154/500 [53:19<3:16:23, 34.06s/user]
condition A:  31%|███       | 155/500 [53:45<3:01:23, 31.55s/user]
condition A:  31%|███       | 156/500 [54:00<2:31:57, 26.50s/user]
condition A:  31%|███▏      | 157/500 [54:49<3:09:55, 33.22s/user]
condition A:  32%|███▏      | 158/500 [55:18<3:03:14, 32.15s/user]
condition A:  32%|███▏      | 159/500 [55:39<2:43:57, 28.85s/user]
condition A:  32%|███▏      | 160/500 [55:55<2:21:04, 24.90s/user]
condition A:  32%|███▏      | 161/500 [56:27<2:33:01, 27.08s/user]
condition A:  32%|███▏      | 162/500 [57:04<2:49:44, 30.13s/user]
condition A:  33%|███▎      | 163/500 [57:27<2:36:19, 27.83s/user]
condition A:  33%|███▎      | 164/500 [57:44<2:18:09, 24.67s/user]
condition A:  33%|███▎      | 165/500 [58:02<2:05:56, 22.56s/user]
condition A:  33%|███▎      | 166/500 [58:20<1:57:51, 21.17s/user]
condition A:  33%|███▎      | 167/500 [58:52<2:16:22, 24.57s/user]
condition A:  34%|███▎      | 168/500 [59:21<2:22:52, 25.82s/user]
condition A:  34%|███▍      | 169/500 [59:42<2:14:48, 24.44s/user]
condition A:  34%|███▍      | 170/500 [1:00:10<2:19:44, 25.41s/user]
condition A:  34%|███▍      | 171/500 [1:00:22<1:56:36, 21.27s/user]
condition A:  34%|███▍      | 172/500 [1:01:00<2:24:31, 26.44s/user]
condition A:  35%|███▍      | 173/500 [1:01:10<1:57:43, 21.60s/user]
condition A:  35%|███▍      | 174/500 [1:01:47<2:22:13, 26.18s/user]
condition A:  35%|███▌      | 175/500 [1:02:04<2:06:57, 23.44s/user]
condition A:  35%|███▌      | 176/500 [1:02:22<1:56:57, 21.66s/user]
condition A:  35%|███▌      | 177/500 [1:02:46<2:00:33, 22.40s/user]
condition A:  36%|███▌      | 178/500 [1:03:06<1:56:12, 21.65s/user]
condition A:  36%|███▌      | 179/500 [1:03:22<1:47:04, 20.01s/user]
condition A:  36%|███▌      | 180/500 [1:03:48<1:55:45, 21.70s/user]
condition A:  36%|███▌      | 181/500 [1:04:11<1:58:20, 22.26s/user]
condition A:  36%|███▋      | 182/500 [1:04:33<1:57:05, 22.09s/user]
condition A:  37%|███▋      | 183/500 [1:05:04<2:11:13, 24.84s/user]
condition A:  37%|███▋      | 184/500 [1:05:19<1:55:04, 21.85s/user]
condition A:  37%|███▋      | 185/500 [1:05:45<2:00:46, 23.00s/user]
condition A:  37%|███▋      | 186/500 [1:06:05<1:55:52, 22.14s/user]
condition A:  37%|███▋      | 187/500 [1:06:24<1:50:49, 21.25s/user]
condition A:  38%|███▊      | 188/500 [1:06:45<1:50:39, 21.28s/user]
condition A:  38%|███▊      | 189/500 [1:07:36<2:36:21, 30.17s/user]
condition A:  38%|███▊      | 190/500 [1:08:05<2:33:43, 29.75s/user]
condition A:  38%|███▊      | 191/500 [1:08:15<2:01:58, 23.68s/user]
condition A:  38%|███▊      | 192/500 [1:08:38<2:01:03, 23.58s/user]
condition A:  39%|███▊      | 193/500 [1:09:03<2:03:38, 24.16s/user]
condition A:  39%|███▉      | 194/500 [1:09:28<2:03:17, 24.18s/user]
condition A:  39%|███▉      | 195/500 [1:09:59<2:14:27, 26.45s/user]
condition A:  39%|███▉      | 196/500 [1:10:19<2:04:04, 24.49s/user]
condition A:  39%|███▉      | 197/500 [1:10:40<1:57:22, 23.24s/user]
condition A:  40%|███▉      | 198/500 [1:11:07<2:03:55, 24.62s/user]
condition A:  40%|███▉      | 199/500 [1:11:35<2:07:18, 25.38s/user]
condition A:  40%|████      | 200/500 [1:12:03<2:11:27, 26.29s/user]
condition A:  40%|████      | 201/500 [1:12:22<2:00:16, 24.14s/user]
condition A:  40%|████      | 202/500 [1:12:56<2:14:32, 27.09s/user]
condition A:  41%|████      | 203/500 [1:13:21<2:10:19, 26.33s/user]
condition A:  41%|████      | 204/500 [1:13:46<2:08:54, 26.13s/user]
condition A:  41%|████      | 205/500 [1:14:14<2:11:18, 26.71s/user]
condition A:  41%|████      | 206/500 [1:14:43<2:14:21, 27.42s/user]
condition A:  41%|████▏     | 207/500 [1:15:01<1:59:53, 24.55s/user]
condition A:  42%|████▏     | 208/500 [1:15:26<2:00:07, 24.68s/user]
condition A:  42%|████▏     | 209/500 [1:15:40<1:43:40, 21.38s/user]
condition A:  42%|████▏     | 210/500 [1:15:57<1:36:25, 19.95s/user]
condition A:  42%|████▏     | 211/500 [1:16:23<1:45:56, 22.00s/user]
condition A:  42%|████▏     | 212/500 [1:16:54<1:57:21, 24.45s/user]
condition A:  43%|████▎     | 213/500 [1:17:06<1:39:40, 20.84s/user]
condition A:  43%|████▎     | 214/500 [1:17:27<1:39:11, 20.81s/user]
condition A:  43%|████▎     | 215/500 [1:17:58<1:53:57, 23.99s/user]
condition A:  43%|████▎     | 216/500 [1:18:31<2:06:45, 26.78s/user]
condition A:  43%|████▎     | 217/500 [1:18:44<1:46:42, 22.62s/user]
condition A:  44%|████▎     | 218/500 [1:19:15<1:57:32, 25.01s/user]
condition A:  44%|████▍     | 219/500 [1:19:34<1:48:30, 23.17s/user]
condition A:  44%|████▍     | 220/500 [1:20:00<1:52:02, 24.01s/user]
condition A:  44%|████▍     | 221/500 [1:20:18<1:44:13, 22.41s/user]
condition A:  44%|████▍     | 222/500 [1:20:32<1:31:15, 19.70s/user]
condition A:  45%|████▍     | 223/500 [1:21:03<1:47:15, 23.23s/user]
condition A:  45%|████▍     | 224/500 [1:21:20<1:37:20, 21.16s/user]
condition A:  45%|████▌     | 225/500 [1:21:50<1:49:01, 23.79s/user]
condition A:  45%|████▌     | 226/500 [1:22:26<2:06:29, 27.70s/user]
condition A:  45%|████▌     | 227/500 [1:22:54<2:06:31, 27.81s/user]
condition A:  46%|████▌     | 228/500 [1:23:03<1:39:26, 21.93s/user]
condition A:  46%|████▌     | 229/500 [1:23:22<1:35:27, 21.13s/user]
condition A:  46%|████▌     | 230/500 [1:23:52<1:47:01, 23.78s/user]
condition A:  46%|████▌     | 231/500 [1:24:00<1:25:30, 19.07s/user]
condition A:  46%|████▋     | 232/500 [1:24:22<1:29:31, 20.04s/user]
condition A:  47%|████▋     | 233/500 [1:24:42<1:28:14, 19.83s/user]
condition A:  47%|████▋     | 234/500 [1:25:15<1:46:29, 24.02s/user]
condition A:  47%|████▋     | 235/500 [1:25:41<1:47:47, 24.41s/user]
condition A:  47%|████▋     | 236/500 [1:26:13<1:58:02, 26.83s/user]
condition A:  47%|████▋     | 237/500 [1:26:37<1:53:45, 25.95s/user]
condition A:  48%|████▊     | 238/500 [1:26:52<1:39:24, 22.76s/user]
condition A:  48%|████▊     | 239/500 [1:27:18<1:42:07, 23.48s/user]
condition A:  48%|████▊     | 240/500 [1:27:30<1:27:42, 20.24s/user]
condition A:  48%|████▊     | 241/500 [1:27:56<1:34:14, 21.83s/user]
condition A:  48%|████▊     | 242/500 [1:28:09<1:23:08, 19.33s/user]
condition A:  49%|████▊     | 243/500 [1:28:37<1:33:29, 21.83s/user]
condition A:  49%|████▉     | 244/500 [1:29:29<2:11:31, 30.83s/user]
condition A:  49%|████▉     | 245/500 [1:29:47<1:55:16, 27.12s/user]
condition A:  49%|████▉     | 246/500 [1:30:12<1:52:06, 26.48s/user]
condition A:  49%|████▉     | 247/500 [1:30:38<1:50:25, 26.19s/user]
condition A:  50%|████▉     | 248/500 [1:30:46<1:27:26, 20.82s/user]
condition A:  50%|████▉     | 249/500 [1:30:56<1:12:54, 17.43s/user]
condition A:  50%|█████     | 250/500 [1:31:10<1:08:38, 16.48s/user]
condition A:  50%|█████     | 251/500 [1:31:35<1:19:44, 19.22s/user]
condition A:  50%|█████     | 252/500 [1:31:56<1:20:48, 19.55s/user]
condition A:  51%|█████     | 253/500 [1:32:10<1:13:44, 17.91s/user]
condition A:  51%|█████     | 254/500 [1:32:27<1:12:51, 17.77s/user]
condition A:  51%|█████     | 255/500 [1:32:45<1:12:42, 17.81s/user]
condition A:  51%|█████     | 256/500 [1:33:04<1:13:49, 18.15s/user]
condition A:  51%|█████▏    | 257/500 [1:33:30<1:22:41, 20.42s/user]
condition A:  52%|█████▏    | 258/500 [1:33:48<1:19:43, 19.77s/user]
condition A:  52%|█████▏    | 259/500 [1:33:54<1:02:48, 15.64s/user]
condition A:  52%|█████▏    | 260/500 [1:34:18<1:12:29, 18.12s/user]
condition A:  52%|█████▏    | 261/500 [1:34:37<1:13:04, 18.35s/user]
condition A:  52%|█████▏    | 262/500 [1:34:55<1:11:59, 18.15s/user]
condition A:  53%|█████▎    | 263/500 [1:35:08<1:06:14, 16.77s/user]
condition A:  53%|█████▎    | 264/500 [1:35:30<1:12:25, 18.41s/user]
condition A:  53%|█████▎    | 265/500 [1:36:06<1:32:15, 23.56s/user]
condition A:  53%|█████▎    | 266/500 [1:36:22<1:22:52, 21.25s/user]
condition A:  53%|█████▎    | 267/500 [1:36:42<1:21:53, 21.09s/user]
condition A:  54%|█████▎    | 268/500 [1:37:08<1:27:10, 22.55s/user]
condition A:  54%|█████▍    | 269/500 [1:37:34<1:29:53, 23.35s/user]
condition A:  54%|█████▍    | 270/500 [1:38:01<1:34:35, 24.68s/user]
condition A:  54%|█████▍    | 271/500 [1:38:21<1:28:34, 23.21s/user]
condition A:  54%|█████▍    | 272/500 [1:38:45<1:29:15, 23.49s/user]
condition A:  55%|█████▍    | 273/500 [1:39:07<1:26:26, 22.85s/user]
condition A:  55%|█████▍    | 274/500 [1:39:29<1:25:34, 22.72s/user]
condition A:  55%|█████▌    | 275/500 [1:39:47<1:19:25, 21.18s/user]
condition A:  55%|█████▌    | 276/500 [1:40:05<1:15:37, 20.26s/user]
condition A:  55%|█████▌    | 277/500 [1:40:35<1:26:45, 23.34s/user]
condition A:  56%|█████▌    | 278/500 [1:40:57<1:24:09, 22.75s/user]
condition A:  56%|█████▌    | 279/500 [1:41:18<1:22:24, 22.37s/user]
condition A:  56%|█████▌    | 280/500 [1:41:55<1:38:23, 26.83s/user]
condition A:  56%|█████▌    | 281/500 [1:42:11<1:25:24, 23.40s/user]
condition A:  56%|█████▋    | 282/500 [1:42:30<1:20:28, 22.15s/user]
condition A:  57%|█████▋    | 283/500 [1:42:56<1:23:52, 23.19s/user]
condition A:  57%|█████▋    | 284/500 [1:43:19<1:23:34, 23.21s/user]
condition A:  57%|█████▋    | 285/500 [1:43:38<1:18:36, 21.94s/user]
condition A:  57%|█████▋    | 286/500 [1:43:55<1:13:25, 20.59s/user]
condition A:  57%|█████▋    | 287/500 [1:44:22<1:19:52, 22.50s/user]
condition A:  58%|█████▊    | 288/500 [1:44:51<1:25:55, 24.32s/user]
condition A:  58%|█████▊    | 289/500 [1:45:30<1:40:42, 28.64s/user]
condition A:  58%|█████▊    | 290/500 [1:45:51<1:32:10, 26.34s/user]
condition A:  58%|█████▊    | 291/500 [1:46:12<1:27:04, 25.00s/user]
condition A:  58%|█████▊    | 292/500 [1:46:22<1:10:20, 20.29s/user]
condition A:  59%|█████▊    | 293/500 [1:46:54<1:22:06, 23.80s/user]
condition A:  59%|█████▉    | 294/500 [1:47:14<1:18:32, 22.88s/user]
condition A:  59%|█████▉    | 295/500 [1:47:36<1:17:08, 22.58s/user]
condition A:  59%|█████▉    | 296/500 [1:47:46<1:03:24, 18.65s/user]
condition A:  59%|█████▉    | 297/500 [1:48:08<1:06:26, 19.64s/user]
condition A:  60%|█████▉    | 298/500 [1:48:30<1:08:18, 20.29s/user]
condition A:  60%|█████▉    | 299/500 [1:48:58<1:15:53, 22.65s/user]
condition A:  60%|██████    | 300/500 [1:49:20<1:15:23, 22.62s/user]
condition A:  60%|██████    | 301/500 [1:49:37<1:08:39, 20.70s/user]
condition A:  60%|██████    | 302/500 [1:50:11<1:22:03, 24.87s/user]
condition A:  61%|██████    | 303/500 [1:50:39<1:24:48, 25.83s/user]
condition A:  61%|██████    | 304/500 [1:51:03<1:22:35, 25.28s/user]
condition A:  61%|██████    | 305/500 [1:51:13<1:07:33, 20.79s/user]
condition A:  61%|██████    | 306/500 [1:51:34<1:06:56, 20.70s/user]
condition A:  61%|██████▏   | 307/500 [1:51:46<57:49, 17.98s/user]  
condition A:  62%|██████▏   | 308/500 [1:51:55<49:19, 15.42s/user]
condition A:  62%|██████▏   | 309/500 [1:52:08<46:33, 14.63s/user]
condition A:  62%|██████▏   | 310/500 [1:52:17<40:39, 12.84s/user]
condition A:  62%|██████▏   | 311/500 [1:52:38<49:00, 15.56s/user]
condition A:  62%|██████▏   | 312/500 [1:53:10<1:04:06, 20.46s/user]
condition A:  63%|██████▎   | 313/500 [1:53:35<1:07:47, 21.75s/user]
condition A:  63%|██████▎   | 314/500 [1:53:53<1:03:49, 20.59s/user]
condition A:  63%|██████▎   | 315/500 [1:54:20<1:09:07, 22.42s/user]
condition A:  63%|██████▎   | 316/500 [1:54:39<1:05:43, 21.43s/user]
condition A:  63%|██████▎   | 317/500 [1:55:07<1:11:39, 23.50s/user]
condition A:  64%|██████▎   | 318/500 [1:55:26<1:07:07, 22.13s/user]
condition A:  64%|██████▍   | 319/500 [1:55:37<56:59, 18.89s/user]  
condition A:  64%|██████▍   | 320/500 [1:56:01<1:00:33, 20.19s/user]
condition A:  64%|██████▍   | 321/500 [1:56:07<47:40, 15.98s/user]  
condition A:  64%|██████▍   | 322/500 [1:56:41<1:03:45, 21.49s/user]
condition A:  65%|██████▍   | 323/500 [1:57:07<1:07:11, 22.78s/user]
condition A:  65%|██████▍   | 324/500 [1:57:35<1:11:44, 24.46s/user]
condition A:  65%|██████▌   | 325/500 [1:58:00<1:11:54, 24.66s/user]
condition A:  65%|██████▌   | 326/500 [1:58:10<58:32, 20.19s/user]  
condition A:  65%|██████▌   | 327/500 [1:58:30<58:22, 20.24s/user]
condition A:  66%|██████▌   | 328/500 [1:58:44<52:40, 18.38s/user]
condition A:  66%|██████▌   | 329/500 [1:59:12<1:00:30, 21.23s/user]
condition A:  66%|██████▌   | 330/500 [2:00:00<1:22:25, 29.09s/user]
condition A:  66%|██████▌   | 331/500 [2:00:24<1:17:33, 27.54s/user]
condition A:  66%|██████▋   | 332/500 [2:00:36<1:04:18, 22.97s/user]
condition A:  67%|██████▋   | 333/500 [2:00:52<58:05, 20.87s/user]  
condition A:  67%|██████▋   | 334/500 [2:01:29<1:11:30, 25.84s/user]
condition A:  67%|██████▋   | 335/500 [2:01:51<1:07:14, 24.45s/user]
condition A:  67%|██████▋   | 336/500 [2:02:17<1:08:29, 25.06s/user]
condition A:  67%|██████▋   | 337/500 [2:02:46<1:11:14, 26.22s/user]
condition A:  68%|██████▊   | 338/500 [2:03:06<1:05:35, 24.29s/user]
condition A:  68%|██████▊   | 339/500 [2:03:32<1:06:29, 24.78s/user]
condition A:  68%|██████▊   | 340/500 [2:03:47<58:15, 21.85s/user]  
condition A:  68%|██████▊   | 341/500 [2:04:05<54:39, 20.63s/user]
condition A:  68%|██████▊   | 342/500 [2:04:18<48:31, 18.43s/user]
condition A:  69%|██████▊   | 343/500 [2:04:26<40:22, 15.43s/user]
condition A:  69%|██████▉   | 344/500 [2:05:02<55:50, 21.48s/user]
condition A:  69%|██████▉   | 345/500 [2:05:21<53:35, 20.75s/user]
condition A:  69%|██████▉   | 346/500 [2:05:54<1:02:27, 24.33s/user]
condition A:  69%|██████▉   | 347/500 [2:06:20<1:03:29, 24.90s/user]
condition A:  70%|██████▉   | 348/500 [2:06:37<57:31, 22.70s/user]  
condition A:  70%|██████▉   | 349/500 [2:06:46<46:49, 18.60s/user]
condition A:  70%|███████   | 350/500 [2:07:03<44:50, 17.94s/user]
condition A:  70%|███████   | 351/500 [2:07:16<40:56, 16.49s/user]
condition A:  70%|███████   | 352/500 [2:07:44<48:57, 19.85s/user]
condition A:  71%|███████   | 353/500 [2:08:21<1:01:14, 25.00s/user]
condition A:  71%|███████   | 354/500 [2:08:59<1:10:47, 29.09s/user]
condition A:  71%|███████   | 355/500 [2:09:19<1:03:33, 26.30s/user]
condition A:  71%|███████   | 356/500 [2:09:42<1:00:33, 25.23s/user]
condition A:  71%|███████▏  | 357/500 [2:10:07<59:46, 25.08s/user]  
condition A:  72%|███████▏  | 358/500 [2:10:38<1:03:45, 26.94s/user]
condition A:  72%|███████▏  | 359/500 [2:11:06<1:03:54, 27.19s/user]
condition A:  72%|███████▏  | 360/500 [2:11:33<1:03:46, 27.33s/user]
condition A:  72%|███████▏  | 361/500 [2:11:49<55:29, 23.95s/user]  
condition A:  72%|███████▏  | 362/500 [2:12:12<54:11, 23.56s/user]
condition A:  73%|███████▎  | 363/500 [2:13:19<1:23:15, 36.47s/user]
condition A:  73%|███████▎  | 364/500 [2:13:54<1:22:12, 36.27s/user]
condition A:  73%|███████▎  | 365/500 [2:14:10<1:07:58, 30.21s/user]
condition A:  73%|███████▎  | 366/500 [2:14:27<58:19, 26.11s/user]  
condition A:  73%|███████▎  | 367/500 [2:14:56<1:00:05, 27.11s/user]
condition A:  74%|███████▎  | 368/500 [2:15:10<50:38, 23.02s/user]  
condition A:  74%|███████▍  | 369/500 [2:15:42<55:59, 25.65s/user]
condition A:  74%|███████▍  | 370/500 [2:15:57<48:32, 22.40s/user]
condition A:  74%|███████▍  | 371/500 [2:16:41<1:02:05, 28.88s/user]
condition A:  74%|███████▍  | 372/500 [2:17:25<1:11:37, 33.58s/user]
condition A:  75%|███████▍  | 373/500 [2:17:45<1:02:16, 29.42s/user]
condition A:  75%|███████▍  | 374/500 [2:18:02<54:04, 25.75s/user]  
condition A:  75%|███████▌  | 375/500 [2:18:23<50:53, 24.43s/user]
condition A:  75%|███████▌  | 376/500 [2:18:38<44:25, 21.50s/user]
condition A:  75%|███████▌  | 377/500 [2:19:14<53:17, 26.00s/user]
condition A:  76%|███████▌  | 378/500 [2:19:45<55:22, 27.24s/user]
condition A:  76%|███████▌  | 379/500 [2:20:14<56:10, 27.86s/user]
condition A:  76%|███████▌  | 380/500 [2:20:23<44:44, 22.37s/user]
condition A:  76%|███████▌  | 381/500 [2:20:36<38:48, 19.56s/user]
condition A:  76%|███████▋  | 382/500 [2:20:51<35:35, 18.10s/user]
condition A:  77%|███████▋  | 383/500 [2:21:17<39:53, 20.45s/user]
condition A:  77%|███████▋  | 384/500 [2:21:37<39:17, 20.33s/user]
condition A:  77%|███████▋  | 385/500 [2:22:02<41:46, 21.79s/user]
condition A:  77%|███████▋  | 386/500 [2:22:45<53:23, 28.10s/user]
condition A:  77%|███████▋  | 387/500 [2:23:19<55:54, 29.68s/user]
condition A:  78%|███████▊  | 388/500 [2:23:29<44:55, 24.06s/user]
condition A:  78%|███████▊  | 389/500 [2:23:53<43:57, 23.76s/user]
condition A:  78%|███████▊  | 390/500 [2:24:02<35:35, 19.41s/user]
condition A:  78%|███████▊  | 391/500 [2:24:29<39:27, 21.72s/user]
condition A:  78%|███████▊  | 392/500 [2:24:50<38:47, 21.55s/user]
condition A:  79%|███████▊  | 393/500 [2:25:06<35:41, 20.01s/user]
condition A:  79%|███████▉  | 394/500 [2:25:25<34:41, 19.63s/user]
condition A:  79%|███████▉  | 395/500 [2:25:32<27:39, 15.80s/user]
condition A:  79%|███████▉  | 396/500 [2:25:49<27:46, 16.02s/user]
condition A:  79%|███████▉  | 397/500 [2:26:01<25:35, 14.91s/user]
condition A:  80%|███████▉  | 398/500 [2:26:25<30:12, 17.77s/user]
condition A:  80%|███████▉  | 399/500 [2:26:47<32:02, 19.04s/user]
condition A:  80%|████████  | 400/500 [2:27:08<32:40, 19.60s/user]
condition A:  80%|████████  | 401/500 [2:27:21<28:53, 17.51s/user]
condition A:  80%|████████  | 402/500 [2:27:42<30:30, 18.68s/user]
condition A:  81%|████████  | 403/500 [2:28:09<34:14, 21.18s/user]
condition A:  81%|████████  | 404/500 [2:28:33<35:14, 22.03s/user]
condition A:  81%|████████  | 405/500 [2:29:14<43:52, 27.71s/user]
condition A:  81%|████████  | 406/500 [2:29:30<37:42, 24.06s/user]
condition A:  81%|████████▏ | 407/500 [2:29:52<36:20, 23.44s/user]
condition A:  82%|████████▏ | 408/500 [2:30:08<32:26, 21.15s/user]
condition A:  82%|████████▏ | 409/500 [2:30:31<32:57, 21.73s/user]
condition A:  82%|████████▏ | 410/500 [2:30:43<28:05, 18.73s/user]
condition A:  82%|████████▏ | 411/500 [2:30:53<24:07, 16.27s/user]
condition A:  82%|████████▏ | 412/500 [2:31:42<38:08, 26.00s/user]
condition A:  83%|████████▎ | 413/500 [2:32:05<36:41, 25.31s/user]
condition A:  83%|████████▎ | 414/500 [2:32:20<31:43, 22.13s/user]
condition A:  83%|████████▎ | 415/500 [2:32:32<27:01, 19.07s/user]
condition A:  83%|████████▎ | 416/500 [2:32:53<27:26, 19.60s/user]
condition A:  83%|████████▎ | 417/500 [2:33:06<24:18, 17.57s/user]
condition A:  84%|████████▎ | 418/500 [2:33:21<23:00, 16.84s/user]
condition A:  84%|████████▍ | 419/500 [2:33:34<21:05, 15.63s/user]
condition A:  84%|████████▍ | 420/500 [2:33:46<19:29, 14.62s/user]
condition A:  84%|████████▍ | 421/500 [2:34:04<20:38, 15.68s/user]
condition A:  84%|████████▍ | 422/500 [2:34:53<33:18, 25.62s/user]
condition A:  85%|████████▍ | 423/500 [2:35:02<26:19, 20.51s/user]
condition A:  85%|████████▍ | 424/500 [2:35:15<23:09, 18.28s/user]
condition A:  85%|████████▌ | 425/500 [2:35:31<22:09, 17.72s/user]
condition A:  85%|████████▌ | 426/500 [2:35:40<18:27, 14.96s/user]
condition A:  85%|████████▌ | 427/500 [2:35:57<18:57, 15.59s/user]
condition A:  86%|████████▌ | 428/500 [2:36:22<22:08, 18.45s/user]
condition A:  86%|████████▌ | 429/500 [2:36:39<21:24, 18.09s/user]
condition A:  86%|████████▌ | 430/500 [2:36:50<18:43, 16.04s/user]
condition A:  86%|████████▌ | 431/500 [2:37:28<25:48, 22.44s/user]
condition A:  86%|████████▋ | 432/500 [2:37:43<23:08, 20.42s/user]
condition A:  87%|████████▋ | 433/500 [2:38:12<25:40, 22.99s/user]
condition A:  87%|████████▋ | 434/500 [2:38:35<25:11, 22.90s/user]
condition A:  87%|████████▋ | 435/500 [2:38:56<24:06, 22.25s/user]
condition A:  87%|████████▋ | 436/500 [2:39:16<22:58, 21.53s/user]
condition A:  87%|████████▋ | 437/500 [2:39:51<26:50, 25.57s/user]
condition A:  88%|████████▊ | 438/500 [2:40:03<22:20, 21.62s/user]
condition A:  88%|████████▊ | 439/500 [2:40:22<21:12, 20.86s/user]
condition A:  88%|████████▊ | 440/500 [2:40:41<20:09, 20.16s/user]
condition A:  88%|████████▊ | 441/500 [2:41:02<20:13, 20.56s/user]
condition A:  88%|████████▊ | 442/500 [2:41:26<20:50, 21.56s/user]
condition A:  89%|████████▊ | 443/500 [2:41:41<18:33, 19.54s/user]
condition A:  89%|████████▉ | 444/500 [2:42:13<21:54, 23.48s/user]
condition A:  89%|████████▉ | 445/500 [2:42:25<18:19, 19.99s/user]
condition A:  89%|████████▉ | 446/500 [2:42:59<21:35, 23.99s/user]
condition A:  89%|████████▉ | 447/500 [2:43:18<19:57, 22.60s/user]
condition A:  90%|████████▉ | 448/500 [2:43:33<17:42, 20.43s/user]
condition A:  90%|████████▉ | 449/500 [2:43:58<18:33, 21.83s/user]
condition A:  90%|█████████ | 450/500 [2:44:16<17:00, 20.41s/user]
condition A:  90%|█████████ | 451/500 [2:44:30<15:18, 18.74s/user]
condition A:  90%|█████████ | 452/500 [2:44:47<14:29, 18.11s/user]
condition A:  91%|█████████ | 453/500 [2:45:07<14:37, 18.67s/user]
condition A:  91%|█████████ | 454/500 [2:45:22<13:29, 17.60s/user]
condition A:  91%|█████████ | 455/500 [2:45:33<11:36, 15.48s/user]
condition A:  91%|█████████ | 456/500 [2:45:55<12:57, 17.66s/user]
condition A:  91%|█████████▏| 457/500 [2:46:14<12:50, 17.92s/user]
condition A:  92%|█████████▏| 458/500 [2:46:36<13:30, 19.30s/user]
condition A:  92%|█████████▏| 459/500 [2:46:56<13:19, 19.50s/user]
condition A:  92%|█████████▏| 460/500 [2:47:19<13:31, 20.28s/user]
condition A:  92%|█████████▏| 461/500 [2:48:09<19:02, 29.30s/user]
condition A:  92%|█████████▏| 462/500 [2:48:40<18:53, 29.83s/user]
condition A:  93%|█████████▎| 463/500 [2:48:49<14:36, 23.68s/user]
condition A:  93%|█████████▎| 464/500 [2:49:19<15:15, 25.43s/user]
condition A:  93%|█████████▎| 465/500 [2:49:31<12:33, 21.54s/user]
condition A:  93%|█████████▎| 466/500 [2:49:54<12:25, 21.91s/user]
condition A:  93%|█████████▎| 467/500 [2:50:17<12:14, 22.24s/user]
condition A:  94%|█████████▎| 468/500 [2:50:42<12:21, 23.16s/user]
condition A:  94%|█████████▍| 469/500 [2:51:09<12:33, 24.32s/user]
condition A:  94%|█████████▍| 470/500 [2:51:29<11:23, 22.79s/user]
condition A:  94%|█████████▍| 471/500 [2:51:46<10:17, 21.31s/user]
condition A:  94%|█████████▍| 472/500 [2:52:25<12:23, 26.55s/user]
condition A:  95%|█████████▍| 473/500 [2:52:52<11:58, 26.62s/user]
condition A:  95%|█████████▍| 474/500 [2:53:24<12:12, 28.18s/user]
condition A:  95%|█████████▌| 475/500 [2:54:04<13:16, 31.85s/user]
condition A:  95%|█████████▌| 476/500 [2:54:11<09:46, 24.42s/user]
condition A:  95%|█████████▌| 477/500 [2:54:27<08:18, 21.67s/user]
condition A:  96%|█████████▌| 478/500 [2:54:59<09:09, 24.97s/user]
condition A:  96%|█████████▌| 479/500 [2:55:12<07:28, 21.35s/user]
condition A:  96%|█████████▌| 480/500 [2:55:33<07:02, 21.15s/user]
condition A:  96%|█████████▌| 481/500 [2:55:58<07:04, 22.32s/user]
condition A:  96%|█████████▋| 482/500 [2:56:21<06:43, 22.42s/user]
condition A:  97%|█████████▋| 483/500 [2:56:45<06:33, 23.14s/user]
condition A:  97%|█████████▋| 484/500 [2:57:07<06:05, 22.81s/user]
condition A:  97%|█████████▋| 485/500 [2:57:56<07:37, 30.50s/user]
condition A:  97%|█████████▋| 486/500 [2:58:21<06:45, 28.99s/user]
condition A:  97%|█████████▋| 487/500 [2:58:44<05:51, 27.04s/user]
condition A:  98%|█████████▊| 488/500 [2:59:02<04:53, 24.42s/user]
condition A:  98%|█████████▊| 489/500 [2:59:22<04:14, 23.10s/user]
condition A:  98%|█████████▊| 490/500 [2:59:46<03:53, 23.34s/user]
condition A:  98%|█████████▊| 491/500 [2:59:56<02:52, 19.19s/user]
condition A:  98%|█████████▊| 492/500 [3:00:18<02:41, 20.24s/user]
condition A:  99%|█████████▊| 493/500 [3:00:30<02:04, 17.84s/user]
condition A:  99%|█████████▉| 494/500 [3:00:55<01:58, 19.83s/user]
condition A:  99%|█████████▉| 495/500 [3:01:21<01:48, 21.67s/user]
condition A:  99%|█████████▉| 496/500 [3:01:46<01:30, 22.68s/user]
condition A:  99%|█████████▉| 497/500 [3:02:05<01:05, 21.69s/user]
condition A: 100%|█████████▉| 498/500 [3:02:26<00:42, 21.27s/user]
condition A: 100%|█████████▉| 499/500 [3:02:40<00:19, 19.18s/user]
condition A: 100%|██████████| 500/500 [3:02:48<00:00, 16.00s/user]
condition A: 100%|██████████| 500/500 [3:02:48<00:00, 21.94s/user]

=== Condition A ===
users: 500
mean cosine similarity: 0.932159
mean cosine distance:   0.067841

