[baseline/query] extract: 0 ok cached, 500 pending (K=2) out=/Users/piskadzon20/Desktop/github-summer/esrc_pipeline/results/baseline/extract/query
[baseline/query] extract ok user_02016939 chunked=False n_chunks=1 31.6s
[baseline/query] extract ok user_0285dee3 chunked=False n_chunks=1 26.9s
[baseline/query] extract ok user_0168255c chunked=True n_chunks=2 65.0s
[baseline/query] extract ok user_02d8a1f8 chunked=False n_chunks=1 6.3s
[baseline/query] extract ok user_02fecea2 chunked=False n_chunks=1 7.9s
[baseline/query] extract ok user_02d03e8a chunked=True n_chunks=2 28.4s
[baseline/query] extract ok user_03410579 chunked=True n_chunks=4 53.6s
[baseline/query] extract ok user_043ea160 chunked=True n_chunks=4 77.5s
[baseline/query] extract ok user_04d29f9c chunked=True n_chunks=2 65.6s
[baseline/query] extract ok user_0521a7ac chunked=False n_chunks=1 27.4s
[baseline/query] extract ok user_04d8419e chunked=True n_chunks=4 83.8s
[baseline/query] extract ok user_058c1800 chunked=True n_chunks=2 42.9s
[baseline/query] extract ok user_0697c470 chunked=True n_chunks=2 20.7s
[baseline/query] extract ok user_07db2c6a chunked=False n_chunks=1 32.4s
[baseline/query] extract ok user_07faa0fc chunked=False n_chunks=1 28.8s
[baseline/query] extract ok user_08aa624b chunked=True n_chunks=2 46.6s
[baseline/query] extract ok user_07cb458d chunked=True n_chunks=4 123.7s
[baseline/query] extract ok user_08e9ce6e chunked=False n_chunks=1 4.9s
[baseline/query] extract ok user_08c32973 chunked=True n_chunks=2 42.3s
[baseline/query] extract ok user_092e219d chunked=False n_chunks=1 30.7s
[baseline/query] extract ok user_0a0bcaa6 chunked=True n_chunks=2 27.1s
[baseline/query] extract ok user_0a245f61 chunked=True n_chunks=3 93.3s
[baseline/query] extract ok user_0b64b183 chunked=False n_chunks=1 28.4s
[baseline/query] extract ok user_0b5c256a chunked=True n_chunks=4 130.2s
[baseline/query] extract ok user_0c578ab5 chunked=False n_chunks=1 27.7s
[baseline/query] extract ok user_0c8c48ac chunked=False n_chunks=1 27.8s
[baseline/query] extract ok user_0cc626ee chunked=False n_chunks=1 27.9s
[baseline/query] extract ok user_0f0ad720 chunked=False n_chunks=1 32.7s
[baseline/query] extract ok user_107259c3 chunked=True n_chunks=2 41.5s
[baseline/query] extract ok user_0cd29f02 chunked=True n_chunks=4 134.3s
[baseline/query] extract ok user_10e64e28 chunked=True n_chunks=2 67.1s
[baseline/query] extract ok user_111cfe7d chunked=True n_chunks=4 67.4s
[baseline/query] extract ok user_11e8421f chunked=True n_chunks=4 81.0s
[baseline/query] extract ok user_126670d7 chunked=True n_chunks=2 36.0s
[baseline/query] extract ok user_1302cb61 chunked=True n_chunks=3 44.9s
[baseline/query] extract ok user_13f8ee07 chunked=True n_chunks=2 40.6s
[baseline/query] extract ok user_1230e05a chunked=True n_chunks=8 205.6s
[baseline/query] extract ok user_13fb2e34 chunked=True n_chunks=2 62.5s
[baseline/query] extract ok user_14a2d3c6 chunked=False n_chunks=1 7.6s
[baseline/query] extract ok user_159646d5 chunked=False n_chunks=1 28.6s
[baseline/query] extract ok user_147d1bbb chunked=True n_chunks=2 43.8s
[baseline/query] extract ok user_164057cc chunked=False n_chunks=1 33.8s
[baseline/query] extract ok user_164fe4b8 chunked=True n_chunks=3 33.4s
[baseline/query] extract ok user_165a2706 chunked=False n_chunks=1 7.6s
[baseline/query] extract ok user_17355c30 chunked=False n_chunks=1 32.2s
[baseline/query] extract ok user_16b87e34 chunked=True n_chunks=2 42.6s
[baseline/query] extract ok user_17607ebc chunked=True n_chunks=2 71.9s
[baseline/query] extract ok user_183b3783 chunked=True n_chunks=2 70.1s
[baseline/query] extract ok user_18892460 chunked=False n_chunks=1 27.8s
[baseline/query] extract ok user_18c333c6 chunked=True n_chunks=2 39.0s
[baseline/query] extract ok user_18522854 chunked=True n_chunks=4 97.8s
[baseline/query] extract ok user_192a215d chunked=False n_chunks=1 30.3s
[baseline/query] extract ok user_19641691 chunked=False n_chunks=1 4.4s
[baseline/query] extract ok user_194b92fc chunked=True n_chunks=2 45.8s
[baseline/query] extract ok user_1a2755b3 chunked=True n_chunks=4 99.5s
[baseline/query] extract ok user_1a4bec69 chunked=True n_chunks=2 14.5s
[baseline/query] extract ok user_19952166 chunked=True n_chunks=4 157.1s
[baseline/query] extract ok user_1b2d69c1 chunked=True n_chunks=2 40.4s
[baseline/query] extract ok user_1b7f8c56 chunked=True n_chunks=3 50.4s
[baseline/query] extract ok user_1a7d6cd5 chunked=True n_chunks=4 152.5s
[baseline/query] extract ok user_1b89f77a chunked=True n_chunks=2 63.2s
[baseline/query] extract ok user_1d775dd8 chunked=False n_chunks=1 31.3s
[baseline/query] extract ok user_1df51301 chunked=True n_chunks=2 19.1s
[baseline/query] extract ok user_1e302679 chunked=True n_chunks=2 41.3s
[baseline/query] extract ok user_1dc24686 chunked=True n_chunks=2 93.1s
[baseline/query] extract ok user_1f636ddc chunked=False n_chunks=1 4.8s
[baseline/query] extract ok user_1f1dc5e0 chunked=False n_chunks=1 32.2s
[baseline/query] extract ok user_20e741d0 chunked=False n_chunks=1 5.7s
[baseline/query] extract ok user_205d25f3 chunked=True n_chunks=3 99.2s
[baseline/query] extract ok user_21b4fa31 chunked=True n_chunks=2 18.2s
[baseline/query] extract ok user_226be32f chunked=False n_chunks=1 6.8s
[baseline/query] extract ok user_2142b6e1 chunked=True n_chunks=4 105.3s
[baseline/query] extract ok user_2373103d chunked=False n_chunks=1 29.5s
[baseline/query] extract ok user_23e46560 chunked=False n_chunks=1 29.2s
[baseline/query] extract ok user_25652863 chunked=True n_chunks=4 58.1s
[baseline/query] extract ok user_245fd42f chunked=True n_chunks=4 80.4s
[baseline/query] extract ok user_25b48a9a chunked=True n_chunks=2 38.3s
[baseline/query] extract ok user_25798310 chunked=True n_chunks=2 65.3s
[baseline/query] extract ok user_26fa9d90 chunked=True n_chunks=2 10.7s
[baseline/query] extract ok user_26565155 chunked=True n_chunks=2 39.9s
[baseline/query] extract ok user_27a3fa64 chunked=True n_chunks=4 84.1s
[baseline/query] extract ok user_2920b35e chunked=True n_chunks=2 76.1s
[baseline/query] extract ok user_2a704b9c chunked=True n_chunks=2 40.7s
[baseline/query] extract ok user_2a94c885 chunked=True n_chunks=2 36.2s
[baseline/query] extract ok user_29cd4556 chunked=True n_chunks=3 102.7s
[baseline/query] extract ok user_2b271761 chunked=True n_chunks=2 66.8s
[baseline/query] extract ok user_2b79ef0b chunked=False n_chunks=1 4.0s
[baseline/query] extract ok user_2b750e1c chunked=True n_chunks=4 78.1s
[baseline/query] extract ok user_2c3eb234 chunked=True n_chunks=2 40.8s
[baseline/query] extract ok user_2c69b83e chunked=True n_chunks=2 43.4s
[baseline/query] extract ok user_2d74cd4c chunked=True n_chunks=2 15.8s
[baseline/query] extract ok user_2c940ff8 chunked=True n_chunks=3 53.9s
[baseline/query] extract ok user_2dd189e3 chunked=False n_chunks=1 7.6s
[baseline/query] extract ok user_2eaaa117 chunked=False n_chunks=1 5.0s
[baseline/query] extract ok user_2dc10d2d chunked=True n_chunks=2 64.9s
[baseline/query] extract ok user_2eb5d860 chunked=True n_chunks=2 43.5s
[baseline/query] extract ok user_2f1085dd chunked=True n_chunks=4 40.7s
[baseline/query] extract ok user_2efde048 chunked=True n_chunks=3 98.0s
[baseline/query] extract ok user_2f766c23 chunked=True n_chunks=2 59.5s
[baseline/query] extract ok user_3049510b chunked=False n_chunks=1 30.0s
[baseline/query] extract ok user_30802254 chunked=True n_chunks=2 45.2s
[baseline/query] extract ok user_32934d38 chunked=False n_chunks=1 4.6s
[baseline/query] extract ok user_32ae32f9 chunked=True n_chunks=2 20.9s
[baseline/query] extract ok user_3121653d chunked=True n_chunks=2 70.6s
[baseline/query] extract ok user_32f31383 chunked=True n_chunks=4 56.1s
[baseline/query] extract ok user_3353b96b chunked=True n_chunks=2 87.4s
[baseline/query] extract ok user_338e1332 chunked=True n_chunks=2 88.8s
[baseline/query] extract ok user_364bb955 chunked=False n_chunks=1 28.4s
[baseline/query] extract ok user_36dd1253 chunked=False n_chunks=1 29.4s
[baseline/query] extract ok user_372c2b3e chunked=False n_chunks=1 6.2s
[baseline/query] extract ok user_34b1fb84 chunked=True n_chunks=4 131.8s
[baseline/query] extract ok user_378003e3 chunked=True n_chunks=4 32.4s
[baseline/query] extract ok user_38390331 chunked=True n_chunks=2 18.4s
[baseline/query] extract ok user_3850eb9e chunked=True n_chunks=2 20.7s
[baseline/query] extract ok user_37be663c chunked=True n_chunks=2 46.4s
[baseline/query] extract ok user_3971c3e6 chunked=False n_chunks=1 6.4s
[baseline/query] extract ok user_38ab51d4 chunked=False n_chunks=1 32.0s
[baseline/query] extract ok user_39aad1a2 chunked=False n_chunks=1 5.2s
[baseline/query] extract ok user_39939c54 chunked=True n_chunks=4 86.4s
[baseline/query] extract ok user_39f8897b chunked=True n_chunks=6 88.9s
[baseline/query] extract ok user_3a55606c chunked=False n_chunks=1 33.4s
[baseline/query] extract ok user_3b90fb53 chunked=False n_chunks=1 9.1s
[baseline/query] extract ok user_3bb7992e chunked=False n_chunks=1 5.5s
[baseline/query] extract ok user_3b1da5d9 chunked=True n_chunks=2 42.1s
[baseline/query] extract ok user_3ce4c1f8 chunked=True n_chunks=2 43.5s
[baseline/query] extract ok user_3eb49f37 chunked=False n_chunks=1 28.8s
[baseline/query] extract ok user_3f1d04a6 chunked=False n_chunks=1 27.2s
[baseline/query] extract ok user_3e284ba5 chunked=True n_chunks=4 105.4s
[baseline/query] extract ok user_3f798a8b chunked=True n_chunks=2 40.7s
[baseline/query] extract ok user_3ff3188b chunked=True n_chunks=2 19.2s
[baseline/query] extract ok user_3f2894b5 chunked=True n_chunks=2 91.4s
[baseline/query] extract ok user_3ff88cf0 chunked=True n_chunks=2 24.9s
[baseline/query] extract ok user_40a0bad3 chunked=True n_chunks=3 24.3s
[baseline/query] extract ok user_40efa894 chunked=True n_chunks=2 23.1s
[baseline/query] extract ok user_433bdef0 chunked=True n_chunks=2 58.5s
[baseline/query] extract ok user_41b20ee4 chunked=True n_chunks=4 82.3s
[baseline/query] extract ok user_434f3511 chunked=False n_chunks=1 8.8s
[baseline/query] extract ok user_454733da chunked=True n_chunks=2 35.9s
[baseline/query] extract ok user_44567221 chunked=True n_chunks=2 67.1s
[baseline/query] extract ok user_45926b89 chunked=True n_chunks=2 63.1s
[baseline/query] extract ok user_45d008d3 chunked=True n_chunks=2 64.3s
[baseline/query] extract ok user_4607d25d chunked=True n_chunks=2 43.4s
[baseline/query] extract ok user_476670f9 chunked=True n_chunks=4 27.2s
[baseline/query] extract ok user_46e2e7ec chunked=True n_chunks=2 48.8s
[baseline/query] extract ok user_4aaa8404 chunked=True n_chunks=2 67.1s
[baseline/query] extract ok user_4ab9d510 chunked=True n_chunks=2 67.5s
[baseline/query] extract ok user_4b8335bd chunked=True n_chunks=2 36.3s
[baseline/query] extract ok user_4b139395 chunked=True n_chunks=2 72.9s
[baseline/query] extract ok user_4cad4295 chunked=True n_chunks=2 18.7s
[baseline/query] extract ok user_4d4f73a6 chunked=False n_chunks=1 14.6s
[baseline/query] extract ok user_4bd9303b chunked=True n_chunks=4 84.3s
[baseline/query] extract ok user_4e54f3d7 chunked=True n_chunks=2 42.1s
[baseline/query] extract ok user_4e42bf97 chunked=True n_chunks=3 100.1s
[baseline/query] extract ok user_4f8b6987 chunked=True n_chunks=2 61.5s
[baseline/query] extract ok user_4f3b6241 chunked=True n_chunks=4 104.6s
[baseline/query] extract ok user_500badda chunked=False n_chunks=1 30.9s
[baseline/query] extract ok user_5062c872 chunked=True n_chunks=4 114.8s
[baseline/query] extract ok user_524450e9 chunked=True n_chunks=2 16.9s
[baseline/query] extract ok user_529e3009 chunked=False n_chunks=1 5.7s
[baseline/query] extract ok user_515ae840 chunked=True n_chunks=4 126.2s
[baseline/query] extract ok user_52d3881c chunked=True n_chunks=4 85.1s
[baseline/query] extract ok user_53325367 chunked=True n_chunks=4 76.8s
[baseline/query] extract ok user_56909460 chunked=False n_chunks=1 5.8s
[baseline/query] extract ok user_54c1ebee chunked=True n_chunks=2 47.8s
[baseline/query] extract ok user_5738db35 chunked=False n_chunks=1 27.7s
[baseline/query] extract ok user_56980aa9 chunked=True n_chunks=2 69.4s
[baseline/query] extract ok user_582ff5b2 chunked=True n_chunks=4 124.7s
[baseline/query] extract ok user_586752e4 chunked=True n_chunks=4 121.4s
[baseline/query] extract ok user_58892c7c chunked=True n_chunks=2 27.7s
[baseline/query] extract ok user_59d9db83 chunked=False n_chunks=1 27.8s
[baseline/query] extract ok user_58bfeaad chunked=True n_chunks=4 104.9s
[baseline/query] extract ok user_5a6c91dd chunked=False n_chunks=1 4.2s
[baseline/query] extract ok user_5a5bee64 chunked=True n_chunks=5 93.4s
[baseline/query] extract ok user_5a6f92a6 chunked=True n_chunks=4 105.0s
[baseline/query] extract ok user_5c09bb3d chunked=False n_chunks=1 8.0s
[baseline/query] extract ok user_5ac1a174 chunked=True n_chunks=2 87.2s
[baseline/query] extract ok user_5c82df31 chunked=True n_chunks=2 12.8s
[baseline/query] extract ok user_5d1b0daf chunked=True n_chunks=2 41.8s
[baseline/query] extract ok user_5c5a0b40 chunked=True n_chunks=2 85.4s
[baseline/query] extract ok user_6169d3b8 chunked=True n_chunks=2 21.4s
[baseline/query] extract ok user_61f90240 chunked=True n_chunks=2 13.3s
[baseline/query] extract ok user_5f4ee256 chunked=True n_chunks=3 85.2s
[baseline/query] extract ok user_636d1da4 chunked=False n_chunks=1 4.7s
[baseline/query] extract ok user_63110023 chunked=True n_chunks=4 83.5s
[baseline/query] extract ok user_6476648d chunked=True n_chunks=2 42.5s
[baseline/query] extract ok user_6427334a chunked=True n_chunks=4 116.2s
[baseline/query] extract ok user_649f4327 chunked=True n_chunks=2 44.4s
[baseline/query] extract ok user_657c72ca chunked=True n_chunks=2 57.9s
[baseline/query] extract ok user_65d73ac1 chunked=True n_chunks=4 79.6s
[baseline/query] extract ok user_6592f2e4 chunked=True n_chunks=8 127.9s
[baseline/query] extract ok user_68349053 chunked=False n_chunks=1 29.7s
[baseline/query] extract ok user_68d19df8 chunked=True n_chunks=2 66.4s
[baseline/query] extract ok user_69193575 chunked=True n_chunks=2 67.7s
[baseline/query] extract ok user_69a4dd06 chunked=True n_chunks=2 48.1s
[baseline/query] extract ok user_6ab1739a chunked=True n_chunks=2 40.0s
[baseline/query] extract ok user_6ab8f7d4 chunked=False n_chunks=1 7.2s
[baseline/query] extract ok user_69df6330 chunked=True n_chunks=4 87.1s
[baseline/query] extract ok user_6d071251 chunked=True n_chunks=2 73.3s
[baseline/query] extract ok user_6d2cb415 chunked=True n_chunks=2 90.1s
[baseline/query] extract ok user_6f1b0197 chunked=True n_chunks=2 21.3s
[baseline/query] extract ok user_6d421600 chunked=True n_chunks=4 96.4s
[baseline/query] extract ok user_6fa47d61 chunked=True n_chunks=4 86.0s
[baseline/query] extract error user_6fccf8b5 chunked=None n_chunks=None 0.0s
[baseline/query] extract ok user_723406a0 chunked=True n_chunks=2 16.9s
[baseline/query] extract ok user_6fc85c06 chunked=True n_chunks=2 69.8s
[baseline/query] extract ok user_7322f4ef chunked=True n_chunks=2 60.1s
[baseline/query] extract ok user_72bed676 chunked=True n_chunks=3 118.6s
[baseline/query] extract ok user_737d3148 chunked=True n_chunks=2 61.1s
[baseline/query] extract ok user_73a4377d chunked=False n_chunks=1 20.0s
[baseline/query] extract ok user_73f34c5d chunked=True n_chunks=2 44.4s
[baseline/query] extract ok user_74cfb8ef chunked=True n_chunks=4 56.2s
[baseline/query] extract ok user_74e32d78 chunked=False n_chunks=1 27.9s
[baseline/query] extract ok user_74025dc0 chunked=True n_chunks=4 131.5s
[baseline/query] extract ok user_756e2f00 chunked=True n_chunks=2 43.6s
[baseline/query] extract ok user_75905116 chunked=True n_chunks=4 54.8s
[baseline/query] extract ok user_78eff25f chunked=False n_chunks=1 5.3s
[baseline/query] extract ok user_7924afc9 chunked=True n_chunks=3 71.3s
[baseline/query] extract ok user_795eb408 chunked=False n_chunks=1 6.2s
[baseline/query] extract ok user_7709815a chunked=True n_chunks=4 128.9s
[baseline/query] extract ok user_7a8f7f3e chunked=False n_chunks=1 7.4s
[baseline/query] extract ok user_7b052f32 chunked=False n_chunks=1 29.2s
[baseline/query] extract ok user_79f04645 chunked=True n_chunks=3 74.1s
[baseline/query] extract ok user_7b4c75ab chunked=False n_chunks=1 28.6s
[baseline/query] extract ok user_7c45fa70 chunked=True n_chunks=4 60.8s
[baseline/query] extract ok user_7b2d0be1 chunked=True n_chunks=4 108.2s
[baseline/query] extract ok user_7f623d19 chunked=True n_chunks=2 39.1s
[baseline/query] extract ok user_7fd91653 chunked=False n_chunks=1 27.0s
[baseline/query] extract ok user_7fef9da8 chunked=True n_chunks=2 50.5s
[baseline/query] extract ok user_7c7220a4 chunked=True n_chunks=4 151.6s
[baseline/query] extract ok user_80da26a6 chunked=False n_chunks=1 27.2s
[baseline/query] extract ok user_8006727d chunked=True n_chunks=4 66.8s
[baseline/query] extract ok user_81a80789 chunked=True n_chunks=2 18.5s
[baseline/query] extract ok user_80dc757f chunked=True n_chunks=2 44.8s
[baseline/query] extract ok user_8285a696 chunked=True n_chunks=2 41.0s
[baseline/query] extract ok user_823846de chunked=True n_chunks=4 70.1s
[baseline/query] extract ok user_829844fd chunked=True n_chunks=2 38.4s
[baseline/query] extract ok user_82879210 chunked=True n_chunks=2 58.6s
[baseline/query] extract ok user_83e45cc0 chunked=True n_chunks=2 41.6s
[baseline/query] extract ok user_82d93459 chunked=True n_chunks=2 50.5s
[baseline/query] extract ok user_84703a6e chunked=True n_chunks=2 17.9s
[baseline/query] extract ok user_84fe1a7a chunked=False n_chunks=1 29.3s
[baseline/query] extract ok user_84c14a6f chunked=True n_chunks=2 92.6s
[baseline/query] extract ok user_85810097 chunked=True n_chunks=4 70.2s
[baseline/query] extract ok user_86685a27 chunked=True n_chunks=2 18.9s
[baseline/query] extract ok user_869fcb2b chunked=True n_chunks=2 84.8s
[baseline/query] extract ok user_8663226a chunked=True n_chunks=8 176.6s
[baseline/query] extract ok user_8713f22a chunked=True n_chunks=3 72.7s
[baseline/query] extract ok user_885e8708 chunked=False n_chunks=1 5.2s
[baseline/query] extract ok user_87e5d9b0 chunked=False n_chunks=1 32.4s
[baseline/query] extract ok user_89f449b4 chunked=True n_chunks=2 14.2s
[baseline/query] extract ok user_88f46c7b chunked=True n_chunks=2 49.1s
[baseline/query] extract ok user_8ae8c359 chunked=False n_chunks=1 4.4s
[baseline/query] extract ok user_8a760553 chunked=True n_chunks=2 39.8s
[baseline/query] extract ok user_8c6db6ed chunked=False n_chunks=1 28.4s
[baseline/query] extract ok user_8d22714e chunked=False n_chunks=1 6.5s
[baseline/query] extract ok user_8afa3eba chunked=True n_chunks=2 68.5s
[baseline/query] extract ok user_8d85acb5 chunked=True n_chunks=4 79.1s
[baseline/query] extract ok user_8d968cfb chunked=True n_chunks=2 68.2s
[baseline/query] extract ok user_8da30894 chunked=False n_chunks=1 29.9s
[baseline/query] extract ok user_8e48a3f8 chunked=False n_chunks=1 29.2s
[baseline/query] extract ok user_8dd20d7f chunked=True n_chunks=3 51.1s
[baseline/query] extract ok user_8eac0a68 chunked=False n_chunks=1 5.4s
[baseline/query] extract ok user_8e97a154 chunked=True n_chunks=2 44.6s
[baseline/query] extract ok user_8f08aa94 chunked=True n_chunks=2 69.6s
[baseline/query] extract ok user_8fe14601 chunked=True n_chunks=4 59.1s
[baseline/query] extract ok user_902af20f chunked=True n_chunks=2 12.9s
[baseline/query] extract ok user_90202189 chunked=True n_chunks=2 49.3s
[baseline/query] extract ok user_903329bb chunked=True n_chunks=2 71.7s
[baseline/query] extract ok user_916503d6 chunked=True n_chunks=2 43.9s
[baseline/query] extract ok user_906e2423 chunked=True n_chunks=3 102.3s
[baseline/query] extract ok user_938164a5 chunked=True n_chunks=2 42.2s
[baseline/query] extract ok user_920c074a chunked=True n_chunks=2 45.3s
[baseline/query] extract ok user_943e4045 chunked=True n_chunks=2 44.4s
[baseline/query] extract ok user_954805d7 chunked=True n_chunks=2 67.1s
[baseline/query] extract ok user_959adfc8 chunked=False n_chunks=1 30.1s
[baseline/query] extract ok user_95d648bc chunked=True n_chunks=2 70.6s
[baseline/query] extract ok user_9600e8bf chunked=True n_chunks=4 65.9s
[baseline/query] extract ok user_9692f077 chunked=True n_chunks=2 39.1s
[baseline/query] extract ok user_96013176 chunked=True n_chunks=2 72.3s
[baseline/query] extract ok user_96d9cb9a chunked=True n_chunks=2 17.3s
[baseline/query] extract ok user_96c3cc43 chunked=True n_chunks=4 86.2s
[baseline/query] extract ok user_97330742 chunked=True n_chunks=2 39.2s
[baseline/query] extract ok user_9818dcae chunked=True n_chunks=2 42.0s
[baseline/query] extract ok user_979ee068 chunked=True n_chunks=3 78.5s
[baseline/query] extract ok user_98a676ce chunked=True n_chunks=2 62.3s
[baseline/query] extract ok user_98ca16a6 chunked=True n_chunks=2 42.0s
[baseline/query] extract ok user_98f18241 chunked=True n_chunks=4 102.4s
[baseline/query] extract ok user_9991e1d8 chunked=True n_chunks=4 113.5s
[baseline/query] extract ok user_9a307ebe chunked=True n_chunks=2 41.6s
[baseline/query] extract ok user_99c67f2f chunked=True n_chunks=5 82.0s
[baseline/query] extract ok user_9a5457b0 chunked=True n_chunks=2 16.2s
[baseline/query] extract ok user_9b517815 chunked=False n_chunks=1 9.6s
[baseline/query] extract ok user_9bee2a7c chunked=True n_chunks=2 66.8s
[baseline/query] extract ok user_9c5cd7fa chunked=True n_chunks=2 23.8s
[baseline/query] extract ok user_9b6481e4 chunked=True n_chunks=4 101.2s
[baseline/query] extract ok user_9c5e4782 chunked=False n_chunks=1 7.9s
[baseline/query] extract ok user_9c7183c8 chunked=True n_chunks=2 63.2s
[baseline/query] extract ok user_9ce96cbf chunked=True n_chunks=2 69.4s
[baseline/query] extract ok user_9d9fba70 chunked=True n_chunks=2 13.5s
[baseline/query] extract ok user_9dda4af9 chunked=True n_chunks=2 59.5s
[baseline/query] extract ok user_9d8095fc chunked=True n_chunks=4 112.7s
[baseline/query] extract ok user_9e328c4e chunked=True n_chunks=4 50.1s
[baseline/query] extract ok user_9e39a95d chunked=True n_chunks=3 52.3s
[baseline/query] extract ok user_9fc3c829 chunked=False n_chunks=1 28.1s
[baseline/query] extract ok user_9f81cfba chunked=True n_chunks=2 72.0s
[baseline/query] extract ok user_a01f16ac chunked=False n_chunks=1 6.4s
[baseline/query] extract ok user_a0fa40f1 chunked=False n_chunks=1 4.4s
[baseline/query] extract ok user_a151ddab chunked=False n_chunks=1 27.9s
[baseline/query] extract ok user_a1b097c2 chunked=False n_chunks=1 6.1s
[baseline/query] extract ok user_9ff844ba chunked=True n_chunks=2 67.6s
[baseline/query] extract ok user_a2825b06 chunked=True n_chunks=2 45.7s
[baseline/query] extract ok user_a346dfc4 chunked=True n_chunks=2 40.3s
[baseline/query] extract ok user_a2f8bfd2 chunked=True n_chunks=4 98.8s
[baseline/query] extract ok user_a4893af1 chunked=False n_chunks=1 30.1s
[baseline/query] extract ok user_a4a77a7d chunked=True n_chunks=2 39.3s
[baseline/query] extract ok user_a4aab257 chunked=True n_chunks=2 46.1s
[baseline/query] extract ok user_a4ae4e77 chunked=True n_chunks=2 24.0s
[baseline/query] extract ok user_a57a04fa chunked=False n_chunks=1 8.1s
[baseline/query] extract ok user_a57e47b1 chunked=True n_chunks=2 23.1s
[baseline/query] extract ok user_a6a094cf chunked=False n_chunks=1 25.8s
[baseline/query] extract ok user_a52dd639 chunked=True n_chunks=2 76.6s
[baseline/query] extract ok user_a8dc91a3 chunked=True n_chunks=2 66.4s
[baseline/query] extract ok user_a743aff9 chunked=True n_chunks=4 99.1s
[baseline/query] extract ok user_a9ed5193 chunked=True n_chunks=2 27.0s
[baseline/query] extract ok user_a973cf8e chunked=True n_chunks=4 56.1s
[baseline/query] extract ok user_aaa1e595 chunked=True n_chunks=2 16.9s
[baseline/query] extract ok user_aa4cc34a chunked=False n_chunks=1 33.1s
[baseline/query] extract ok user_ab434739 chunked=True n_chunks=2 64.9s
[baseline/query] extract ok user_ab439a92 chunked=True n_chunks=3 120.8s
[baseline/query] extract ok user_ab5592eb chunked=True n_chunks=4 91.1s
[baseline/query] extract ok user_abde0618 chunked=False n_chunks=1 5.4s
[baseline/query] extract ok user_ab8e847b chunked=True n_chunks=3 43.9s
[baseline/query] extract ok user_ac6d6bff chunked=True n_chunks=2 45.4s
[baseline/query] extract ok user_acb51eed chunked=True n_chunks=2 54.4s
[baseline/query] extract ok user_ac6e9129 chunked=True n_chunks=4 131.7s
[baseline/query] extract ok user_acb899e9 chunked=True n_chunks=3 76.8s
[baseline/query] extract ok user_ad15a0a4 chunked=False n_chunks=1 9.0s
[baseline/query] extract ok user_b1c16312 chunked=True n_chunks=2 38.7s
[baseline/query] extract ok user_acd6ddfb chunked=True n_chunks=4 100.7s
[baseline/query] extract ok user_b2aba63a chunked=True n_chunks=2 39.4s
[baseline/query] extract ok user_b23aa915 chunked=True n_chunks=2 61.1s
[baseline/query] extract ok user_b2dd04c8 chunked=False n_chunks=1 6.6s
[baseline/query] extract ok user_b2f3c0d2 chunked=False n_chunks=1 33.0s
[baseline/query] extract ok user_b337cb0c chunked=False n_chunks=1 31.0s
[baseline/query] extract ok user_b325310b chunked=True n_chunks=4 68.6s
[baseline/query] extract ok user_b4d7e69a chunked=True n_chunks=2 20.8s
[baseline/query] extract ok user_b49274ca chunked=True n_chunks=4 58.9s
[baseline/query] extract ok user_b4f295b3 chunked=True n_chunks=2 38.3s
[baseline/query] extract ok user_b563e90b chunked=False n_chunks=1 30.0s
[baseline/query] extract ok user_b628264a chunked=False n_chunks=1 6.9s
[baseline/query] extract ok user_b5af9db9 chunked=True n_chunks=2 46.4s
[baseline/query] extract ok user_b6350ec1 chunked=True n_chunks=4 120.4s
[baseline/query] extract ok user_b63ea1d4 chunked=True n_chunks=5 157.2s
[baseline/query] extract ok user_b6b89f00 chunked=True n_chunks=4 60.4s
[baseline/query] extract ok user_b7ba6422 chunked=True n_chunks=2 43.0s
[baseline/query] extract ok user_b8f24804 chunked=True n_chunks=2 19.4s
[baseline/query] extract ok user_b888c512 chunked=True n_chunks=2 71.2s
[baseline/query] extract ok user_ba010eec chunked=True n_chunks=3 68.5s
[baseline/query] extract ok user_ba463257 chunked=True n_chunks=2 42.2s
[baseline/query] extract ok user_b9036662 chunked=True n_chunks=4 126.8s
[baseline/query] extract ok user_ba8b1c05 chunked=True n_chunks=2 17.5s
[baseline/query] extract ok user_baeb91b3 chunked=True n_chunks=2 92.2s
[baseline/query] extract ok user_bb8be7e3 chunked=True n_chunks=4 76.7s
[baseline/query] extract ok user_bbcbf015 chunked=False n_chunks=1 4.2s
[baseline/query] extract ok user_bbe73426 chunked=True n_chunks=2 63.7s
[baseline/query] extract ok user_bd19a016 chunked=True n_chunks=2 15.3s
[baseline/query] extract ok user_bd47000f chunked=False n_chunks=1 27.0s
[baseline/query] extract ok user_bdcc6e7d chunked=True n_chunks=4 52.3s
[baseline/query] extract ok user_be06391b chunked=False n_chunks=1 5.2s
[baseline/query] extract ok user_baf68fe9 chunked=True n_chunks=16 428.0s
[baseline/query] extract ok user_beca29a3 chunked=True n_chunks=4 110.5s
[baseline/query] extract ok user_c008345b chunked=True n_chunks=2 20.6s
[baseline/query] extract ok user_c0392523 chunked=True n_chunks=2 36.7s
[baseline/query] extract ok user_bf30f80d chunked=True n_chunks=4 65.5s
[baseline/query] extract ok user_c0eba9f2 chunked=False n_chunks=1 6.5s
[baseline/query] extract ok user_c06d9b71 chunked=True n_chunks=2 68.9s
[baseline/query] extract ok user_c130412b chunked=True n_chunks=4 86.9s
[baseline/query] extract ok user_c154e834 chunked=True n_chunks=2 70.6s
[baseline/query] extract ok user_c157ca97 chunked=True n_chunks=3 54.7s
[baseline/query] extract ok user_c204a1dd chunked=False n_chunks=1 30.7s
[baseline/query] extract ok user_c3040c7c chunked=False n_chunks=1 27.0s
[baseline/query] extract ok user_c2f18cf7 chunked=True n_chunks=2 64.0s
[baseline/query] extract ok user_c41de62b chunked=True n_chunks=2 37.4s
[baseline/query] extract ok user_c39d41d7 chunked=True n_chunks=2 76.5s
[baseline/query] extract ok user_c4c70447 chunked=True n_chunks=2 22.1s
[baseline/query] extract ok user_c536b01d chunked=True n_chunks=4 98.1s
[baseline/query] extract ok user_c50a487d chunked=True n_chunks=6 101.1s
[baseline/query] extract ok user_c5c57a9d chunked=True n_chunks=2 20.0s
[baseline/query] extract ok user_c59ebe9c chunked=False n_chunks=1 33.2s
[baseline/query] extract ok user_c5f32c0d chunked=False n_chunks=1 32.6s
[baseline/query] extract ok user_c60d65b5 chunked=True n_chunks=3 59.0s
[baseline/query] extract ok user_c67f26cc chunked=True n_chunks=2 46.8s
[baseline/query] extract ok user_c709e252 chunked=True n_chunks=2 38.0s
[baseline/query] extract ok user_c81fae29 chunked=False n_chunks=1 3.2s
[baseline/query] extract ok user_c809e3d2 chunked=True n_chunks=2 38.6s
[baseline/query] extract ok user_c883258f chunked=False n_chunks=1 30.5s
[baseline/query] extract ok user_c903d3bb chunked=True n_chunks=2 17.8s
[baseline/query] extract ok user_c8e749e2 chunked=True n_chunks=2 69.3s
[baseline/query] extract ok user_c96b90fe chunked=True n_chunks=2 42.1s
[baseline/query] extract ok user_c994138f chunked=True n_chunks=2 36.7s
[baseline/query] extract ok user_caa6a7b6 chunked=False n_chunks=1 30.9s
[baseline/query] extract ok user_caebed72 chunked=True n_chunks=2 46.9s
[baseline/query] extract ok user_cb2fe204 chunked=True n_chunks=3 49.7s
[baseline/query] extract ok user_cb8245f7 chunked=True n_chunks=2 49.0s
[baseline/query] extract ok user_cdd86523 chunked=True n_chunks=6 100.1s
[baseline/query] extract ok user_cf393213 chunked=True n_chunks=2 83.6s
[baseline/query] extract ok user_d023a78e chunked=True n_chunks=2 59.7s
[baseline/query] extract ok user_d036c911 chunked=True n_chunks=2 41.1s
[baseline/query] extract ok user_d10d1f24 chunked=False n_chunks=1 29.3s
[baseline/query] extract ok user_d14b7d7b chunked=False n_chunks=1 27.6s
[baseline/query] extract ok user_d074356a chunked=True n_chunks=2 63.2s
[baseline/query] extract ok user_d2c97c8e chunked=True n_chunks=2 47.9s
[baseline/query] extract: 411 ok cached, 89 pending (K=2) out=/Users/piskadzon20/Desktop/github-summer/esrc_pipeline/results/baseline/extract/query
[baseline/query] extract error user_6fccf8b5 chunked=None n_chunks=None 1.0s
[baseline/query] extract ok user_d4b7e22e chunked=True n_chunks=2 68.0s
[baseline/query] extract ok user_d50d7985 chunked=False n_chunks=1 29.5s
[baseline/query] extract ok user_d5d4fc6e chunked=True n_chunks=2 71.1s
[baseline/query] extract ok user_d1d16d30 chunked=True n_chunks=8 181.8s
[baseline/query] extract ok user_d761140c chunked=True n_chunks=2 37.5s
[baseline/query] extract ok user_d955d7e2 chunked=False n_chunks=1 28.3s
[baseline/query] extract ok user_d849ac6e chunked=True n_chunks=2 56.8s
[baseline/query] extract ok user_da51dede chunked=False n_chunks=1 5.9s
[baseline/query] extract ok user_dac2c359 chunked=False n_chunks=1 38.1s
[baseline/query] extract ok user_db4c3fb9 chunked=False n_chunks=1 5.4s
[baseline/query] extract ok user_daf37424 chunked=True n_chunks=8 103.7s
[baseline/query] extract ok user_dbbf562e chunked=True n_chunks=2 63.5s
[baseline/query] extract ok user_dc32d458 chunked=False n_chunks=1 7.7s
[baseline/query] extract ok user_dc326993 chunked=True n_chunks=2 39.2s
[baseline/query] extract ok user_dca78fea chunked=True n_chunks=2 68.3s
[baseline/query] extract ok user_df8dc9bb chunked=False n_chunks=1 6.3s
[baseline/query] extract ok user_dffc0da5 chunked=False n_chunks=1 7.3s
[baseline/query] extract ok user_dd0bd02d chunked=True n_chunks=3 76.7s
[baseline/query] extract ok user_e10c98bb chunked=True n_chunks=2 41.4s
[baseline/query] extract ok user_e0c65725 chunked=True n_chunks=4 125.0s
[baseline/query] extract ok user_e1730a9c chunked=True n_chunks=2 20.5s
[baseline/query] extract ok user_e409a56d chunked=True n_chunks=2 37.4s
[baseline/query] extract ok user_e14b88a8 chunked=True n_chunks=4 130.0s
[baseline/query] extract ok user_e4ab67b6 chunked=True n_chunks=2 46.9s
[baseline/query] extract ok user_e4f8ab0c chunked=True n_chunks=4 37.7s
[baseline/query] extract ok user_e51692a6 chunked=False n_chunks=1 6.9s
[baseline/query] extract ok user_e5f67397 chunked=True n_chunks=2 36.6s
[baseline/query] extract ok user_e64d80ba chunked=True n_chunks=2 37.2s
[baseline/query] extract ok user_e59c000f chunked=True n_chunks=2 88.2s
[baseline/query] extract ok user_e6dd44b0 chunked=True n_chunks=2 18.1s
[baseline/query] extract ok user_e7a55eac chunked=False n_chunks=1 33.5s
[baseline/query] extract ok user_e838707b chunked=True n_chunks=2 65.7s
[baseline/query] extract ok user_e802076d chunked=True n_chunks=4 109.6s
[baseline/query] extract ok user_e88c308b chunked=True n_chunks=2 41.5s
[baseline/query] extract ok user_e8a7be73 chunked=False n_chunks=1 30.5s
[baseline/query] extract ok user_e8613813 chunked=True n_chunks=4 133.2s
[baseline/query] extract ok user_e8e9acac chunked=True n_chunks=3 51.9s
[baseline/query] extract ok user_ea67f9c6 chunked=False n_chunks=1 9.6s
[baseline/query] extract ok user_e9d1886c chunked=True n_chunks=2 53.0s
[baseline/query] extract ok user_ebe17c78 chunked=True n_chunks=2 41.5s
[baseline/query] extract ok user_ec574395 chunked=True n_chunks=2 59.3s
[baseline/query] extract ok user_ecc1ca0a chunked=False n_chunks=1 5.3s
[baseline/query] extract ok user_ecba8131 chunked=True n_chunks=2 65.9s
[baseline/query] extract ok user_ee05ee55 chunked=True n_chunks=2 14.0s
[baseline/query] extract ok user_ed1aaed8 chunked=True n_chunks=3 26.9s
[baseline/query] extract ok user_ee8d5ec5 chunked=True n_chunks=2 22.0s
[baseline/query] extract ok user_ee14f818 chunked=True n_chunks=2 56.9s
[baseline/query] extract ok user_ef954c6e chunked=True n_chunks=2 50.3s
[baseline/query] extract ok user_f030b951 chunked=True n_chunks=4 124.2s
[baseline/query] extract ok user_f070eee7 chunked=False n_chunks=1 28.6s
[baseline/query] extract ok user_efcacf59 chunked=True n_chunks=8 223.0s
[baseline/query] extract ok user_f0cf195f chunked=False n_chunks=1 8.2s
[baseline/query] extract ok user_f107081e chunked=True n_chunks=2 18.2s
[baseline/query] extract ok user_f0b144fc chunked=True n_chunks=3 75.3s
[baseline/query] extract ok user_f3377028 chunked=True n_chunks=3 47.7s
[baseline/query] extract ok user_f27da10a chunked=True n_chunks=2 50.1s
[baseline/query] extract ok user_f43d6008 chunked=True n_chunks=2 17.4s
[baseline/query] extract ok user_f4f9490d chunked=False n_chunks=1 8.8s
[baseline/query] extract ok user_f5138e15 chunked=True n_chunks=4 81.7s
[baseline/query] extract ok user_f368b9da chunked=True n_chunks=4 116.9s
[baseline/query] extract ok user_f52ced02 chunked=True n_chunks=2 24.9s
[baseline/query] extract ok user_f5e2976e chunked=True n_chunks=4 36.3s
[baseline/query] extract ok user_f5fea76f chunked=False n_chunks=1 5.8s
[baseline/query] extract ok user_f60a09b3 chunked=False n_chunks=1 7.4s
[baseline/query] extract ok user_f54058d0 chunked=True n_chunks=4 117.9s
[baseline/query] extract ok user_f75c71f0 chunked=False n_chunks=1 7.4s
[baseline/query] extract ok user_f7538815 chunked=True n_chunks=4 83.9s
[baseline/query] extract ok user_f7bb8af1 chunked=True n_chunks=2 40.3s
[baseline/query] extract ok user_f7fd2885 chunked=True n_chunks=2 67.9s
[baseline/query] extract ok user_f827c7dd chunked=True n_chunks=2 72.2s
[baseline/query] extract ok user_f8e2246f chunked=True n_chunks=2 40.8s
[baseline/query] extract ok user_f930e37f chunked=True n_chunks=2 51.5s
[baseline/query] extract ok user_fa60616d chunked=True n_chunks=3 98.7s
[baseline/query] extract ok user_f959eee4 chunked=True n_chunks=8 128.1s
[baseline/query] extract ok user_fa69a385 chunked=True n_chunks=2 19.1s
[baseline/query] extract ok user_fb427339 chunked=True n_chunks=2 25.7s
[baseline/query] extract ok user_fb64cb55 chunked=True n_chunks=2 41.1s
[baseline/query] extract ok user_fb8f46c8 chunked=True n_chunks=2 39.2s
[baseline/query] extract ok user_fbed237d chunked=False n_chunks=1 12.3s
[baseline/query] extract ok user_fca58a87 chunked=False n_chunks=1 9.1s
[baseline/query] extract ok user_fc1cfe0b chunked=True n_chunks=2 42.9s
[baseline/query] extract ok user_fcf93ee8 chunked=True n_chunks=2 48.1s
[baseline/query] extract ok user_fdc08e26 chunked=True n_chunks=3 26.8s
[baseline/query] extract ok user_fde2d265 chunked=True n_chunks=2 69.4s
[baseline/query] extract ok user_fdcaaf41 chunked=True n_chunks=3 92.4s
[baseline/query] extract ok user_ff39b6cf chunked=False n_chunks=1 29.1s
[baseline/query] extract ok user_ff591131 chunked=False n_chunks=1 4.6s
[baseline/query] extract ok user_fe922ad0 chunked=True n_chunks=2 71.4s
/Users/piskadzon20/Desktop/github-summer/esrc_pipeline/results/baseline/extract/query
[baseline/candidate] extract: 0 ok cached, 1000 pending (K=2) out=/Users/piskadzon20/Desktop/github-summer/esrc_pipeline/results/baseline/extract/candidates
[baseline/candidate] extract ok user_00723699 chunked=False n_chunks=1 10.6s
[baseline/candidate] extract ok user_00a2f533 chunked=True n_chunks=2 28.8s
[baseline/candidate] extract ok user_0168255c chunked=False n_chunks=1 29.5s
[baseline/candidate] extract ok user_0128a546 chunked=True n_chunks=2 64.3s
[baseline/candidate] extract ok user_01916bd2 chunked=False n_chunks=1 30.6s
[baseline/candidate] extract ok user_02016939 chunked=True n_chunks=2 38.3s
[baseline/candidate] extract ok user_0285dee3 chunked=False n_chunks=1 30.5s
[baseline/candidate] extract ok user_02d8a1f8 chunked=False n_chunks=1 8.2s
[baseline/candidate] extract ok user_02fecea2 chunked=True n_chunks=2 13.8s
[baseline/candidate] extract ok user_02d03e8a chunked=True n_chunks=2 52.9s
[baseline/candidate] extract ok user_032e5bc8 chunked=False n_chunks=1 6.1s
[baseline/candidate] extract ok user_030cf51a chunked=True n_chunks=2 68.6s
[baseline/candidate] extract ok user_03410579 chunked=True n_chunks=2 53.0s
[baseline/candidate] extract ok user_03969305 chunked=True n_chunks=2 19.3s
[baseline/candidate] extract ok user_032f6993 chunked=True n_chunks=4 113.0s
[baseline/candidate] extract ok user_039d004e chunked=True n_chunks=2 45.1s
[baseline/candidate] extract ok user_04d29f9c chunked=True n_chunks=2 14.0s
[baseline/candidate] extract ok user_043ea160 chunked=True n_chunks=4 58.0s
[baseline/candidate] extract ok user_04f39d22 chunked=True n_chunks=2 43.2s
[baseline/candidate] extract ok user_0521a7ac chunked=False n_chunks=1 29.0s
[baseline/candidate] extract ok user_04d8419e chunked=True n_chunks=4 82.2s
[baseline/candidate] extract ok user_058d9dc1 chunked=True n_chunks=2 18.7s
[baseline/candidate] extract ok user_0669bdf6 chunked=False n_chunks=1 5.9s
[baseline/candidate] extract ok user_058c1800 chunked=True n_chunks=2 69.2s
[baseline/candidate] extract ok user_0697c470 chunked=True n_chunks=2 67.7s
[baseline/candidate] extract ok user_07db2c6a chunked=False n_chunks=1 28.6s
[baseline/candidate] extract ok user_07cb458d chunked=True n_chunks=4 78.1s
[baseline/candidate] extract ok user_07ec3726 chunked=True n_chunks=2 40.8s
[baseline/candidate] extract ok user_07faa0fc chunked=False n_chunks=1 33.4s
[baseline/candidate] extract ok user_0898fc4b chunked=True n_chunks=2 27.6s
[baseline/candidate] extract ok user_08aa624b chunked=True n_chunks=2 24.8s
[baseline/candidate] extract ok user_08e9ce6e chunked=True n_chunks=2 15.0s
[baseline/candidate] extract ok user_08c32973 chunked=True n_chunks=2 26.8s
[baseline/candidate] extract ok user_092e219d chunked=False n_chunks=1 30.5s
[baseline/candidate] extract ok user_095ff43e chunked=False n_chunks=1 31.2s
[baseline/candidate] extract ok user_0a0bcaa6 chunked=True n_chunks=2 39.1s
[baseline/candidate] extract ok user_0a245f61 chunked=True n_chunks=3 28.1s
[baseline/candidate] extract ok user_0a3bcf86 chunked=True n_chunks=2 13.2s
[baseline/candidate] extract ok user_09dea596 chunked=True n_chunks=4 85.4s
[baseline/candidate] extract ok user_0a3f46b9 chunked=True n_chunks=2 18.3s
[baseline/candidate] extract ok user_0b1b1d1c chunked=True n_chunks=2 63.9s
[baseline/candidate] extract ok user_0b64b183 chunked=False n_chunks=1 29.0s
[baseline/candidate] extract ok user_0b5c256a chunked=True n_chunks=4 80.3s
[baseline/candidate] extract ok user_0bc8e727 chunked=True n_chunks=2 47.6s
[baseline/candidate] extract ok user_0c578ab5 chunked=False n_chunks=1 6.5s
[baseline/candidate] extract ok user_0bd8ba7c chunked=True n_chunks=3 54.2s
[baseline/candidate] extract ok user_0c8c48ac chunked=False n_chunks=1 29.0s
[baseline/candidate] extract ok user_0cc626ee chunked=True n_chunks=2 69.2s
[baseline/candidate] extract ok user_0cee87f3 chunked=True n_chunks=2 47.0s
[baseline/candidate] extract ok user_0cd29f02 chunked=True n_chunks=8 111.0s
[baseline/candidate] extract ok user_0d32f0ed chunked=True n_chunks=2 45.0s
[baseline/candidate] extract ok user_0dfb7397 chunked=False n_chunks=1 29.5s
[baseline/candidate] extract ok user_0e685b64 chunked=True n_chunks=3 28.1s
[baseline/candidate] extract ok user_0e82fe11 chunked=True n_chunks=3 73.0s
[baseline/candidate] extract ok user_0e408c4a chunked=True n_chunks=4 119.0s
[baseline/candidate] extract ok user_0eb2abf1 chunked=True n_chunks=2 50.9s
[baseline/candidate] extract ok user_0ef44f54 chunked=True n_chunks=2 63.4s
